[dotenv@17.2.2] injecting env (10) from .env -- tip: ⚙️  specify custom .env file path with { path: '/custom/path/.env' }
[dotenv@17.2.2] injecting env (0) from .env.local -- tip: ⚙️  suppress all logs with { quiet: true }
[WebServer] 
[WebServer] > sprouthub@0.0.0 dev
[WebServer] > vite
[WebServer] 
[WebServer] 
[WebServer]   VITE v5.4.10  ready in 263 ms
[WebServer] 
[WebServer]   ➜  Local:   http://localhost:8080/
[WebServer]   ➜  Network: http://192.168.0.22:8080/
🚀 Starting global setup...
✅ App is running and accessible
✅ Global setup completed

Running 67 tests using 4 workers

[dotenv@17.2.2] injecting env (0) from .env -- tip: ⚙️  suppress all logs with { quiet: true }
[dotenv@17.2.2] injecting env (0) from .env -- tip: ⚙️  load multiple .env files with { path: ['.env.local', '.env'] }
[dotenv@17.2.2] injecting env (0) from .env -- tip: ⚙️  suppress all logs with { quiet: true }
[dotenv@17.2.2] injecting env (0) from .env -- tip: ⚙️  suppress all logs with { quiet: true }
[dotenv@17.2.2] injecting env (0) from .env.local -- tip: 📡 auto-backup env with Radar: https://dotenvx.com/radar
[dotenv@17.2.2] injecting env (0) from .env.local -- tip: ⚙️  enable debug logging with { debug: true }
[dotenv@17.2.2] injecting env (0) from .env.local -- tip: 📡 version env with Radar: https://dotenvx.com/radar
[dotenv@17.2.2] injecting env (0) from .env.local -- tip: 🔐 prevent committing .env to code: https://dotenvx.com/precommit
(node:13935) Warning: The 'NO_COLOR' env is ignored due to the 'FORCE_COLOR' env being set.
(Use `node --trace-warnings ...` to show where the warning was created)
(node:13933) Warning: The 'NO_COLOR' env is ignored due to the 'FORCE_COLOR' env being set.
(Use `node --trace-warnings ...` to show where the warning was created)
(node:13936) Warning: The 'NO_COLOR' env is ignored due to the 'FORCE_COLOR' env being set.
(Use `node --trace-warnings ...` to show where the warning was created)
(node:13934) Warning: The 'NO_COLOR' env is ignored due to the 'FORCE_COLOR' env being set.
(Use `node --trace-warnings ...` to show where the warning was created)
  ✓   1 [chromium] › tests/e2e/auth/auth-flow.spec.ts:11:3 › Authentication Flow › displays auth forms correctly (1.1s)
  ✓   3 [chromium] › tests/e2e/auth/auth-flow.spec.ts:17:3 › Authentication Flow › switches between sign-in and sign-up forms (2.2s)
  ✓   2 [chromium] › tests/e2e/auth/auth-flow.spec.ts:42:3 › Authentication Flow › handles invalid sign-in credentials (2.3s)
  ✓   4 [chromium] › tests/e2e/auth/auth-flow.spec.ts:31:3 › Authentication Flow › completes user sign-up successfully (3.0s)
  ✓   5 [chromium] › tests/e2e/auth/auth-flow.spec.ts:50:3 › Authentication Flow › validates sign-up form with mismatched passwords (1.9s)
  ✓   9 [chromium] › tests/e2e/auth/authentication.spec.ts:8:3 › Authentication › should display auth forms correctly (461ms)
  ✓   8 [chromium] › tests/e2e/auth/authentication.spec.ts:15:3 › Authentication › should handle invalid login (1.3s)
  ✓  10 [chromium] › tests/e2e/auth/authentication.spec.ts:26:3 › Authentication › should switch between sign in and sign up tabs (976ms)
  ✓  11 [chromium] › tests/e2e/auth/authentication.spec.ts:39:3 › Authentication › should display sign up form correctly (691ms)
Auth state verified - Authenticated: true, Needs auth: false
Auth state verified - Authenticated: true, Needs auth: false
✅ Found element with selector: h2:has-text("Find your next green companion")
  ✓  12 [chromium] › tests/e2e/catalog/catalog.spec.ts:15:3 › Plant Catalog › should display catalog page correctly (4.8s)
✅ Found element with selector: h3
✅ Found element with selector: button:has-text("View Details")
  ✓  13 [chromium] › tests/e2e/catalog/catalog.spec.ts:51:3 › Plant Catalog › should show plant cards (4.9s)
Auth state verified - Authenticated: true, Needs auth: false
Auth state verified - Authenticated: true, Needs auth: false
  ✓   7 [chromium] › tests/e2e/auth/auth-flow.spec.ts:91:3 › Authentication Flow › allows sign-in after sign-up (8.9s)
✅ Found element with selector: h1:has-text("best care")
Auth state verified - Authenticated: true, Needs auth: false
Auth state verified - Authenticated: true, Needs auth: false
  ✓   6 [chromium] › tests/e2e/auth/auth-flow.spec.ts:65:3 › Authentication Flow › persists session after page reload (13.1s)
  ✘  15 [chromium] › tests/e2e/plant-management/plant-lifecycle.spec.ts:12:3 › Plant Management Lifecycle › should display plant management UI when authenticated (5.3s)
[dotenv@17.2.2] injecting env (0) from .env -- tip: 📡 auto-backup env with Radar: https://dotenvx.com/radar
[dotenv@17.2.2] injecting env (0) from .env.local -- tip: 📡 version env with Radar: https://dotenvx.com/radar
(node:14292) Warning: The 'NO_COLOR' env is ignored due to the 'FORCE_COLOR' env being set.
(Use `node --trace-warnings ...` to show where the warning was created)
✅ Found element with selector: button:has-text("Start Growing")
✅ Found element with selector: h2:has-text("Find your next green companion")
  ✓  14 [chromium] › tests/e2e/catalog/catalog.spec.ts:101:3 › Plant Catalog › should navigate from homepage to catalog (6.7s)
Auth state verified - Authenticated: true, Needs auth: false
  ✓  16 [chromium] › tests/e2e/plant-management/plant-lifecycle.spec.ts:32:3 › Plant Management Lifecycle › should navigate to catalog page (5.4s)
Auth state verified - Authenticated: true, Needs auth: false
  -  17 [chromium] › tests/e2e/plant-management/plant-lifecycle.spec.ts:42:3 › Plant Management Lifecycle › should allow watering a plant
Auth state verified - Authenticated: true, Needs auth: false
✅ Catalog loaded with 24 plants
  ✓  18 [chromium] › tests/e2e/plant-management/plant-lifecycle.spec.ts:76:3 › Plant Management Lifecycle › should show consistent watering schedule display (5.5s)
📅 Mock current date set to: 2025-09-10T12:00:00Z
✅ Catalog loaded with 24 plants
✅ Found element with selector: button:has-text("View Details")
Plant card interaction state - Add button: true, Sign in: true
❌ No element found with any selector: button:has-text("View Details"), a:has-text("View Details"), button:has-text("Details"), [data-testid="view-details"]
🔍 Debug info for test: plant details navigation
  ✓  20 [chromium] › tests/e2e/plants/plants.spec.ts:71:3 › Plants Catalog › should display plant cards with interaction buttons (5.4s)
📅 Mock current date set to: 2025-09-10T12:00:00Z
📊 Environment State: {
  "hasPlatCards": true,
  "plantCardCount": 24,
  "pageContent": "\n    sprouthubToggle themePlant CatalogSign InToggle navigation menuFind your next green companionBrowse our extensive catalog of indoor plants with detailed care guides and growing tips.Showing 1-24 of 83 plantsHardAfrican VioletSaintpaulia ionanthaWeekly(Every 7 days)Bright Indirect LightView Deta...",
  "mockDataActive": false,
  "currentUrl": "http://localhost:8080/plant-catalog",
  "isAuthenticated": false,
  "hasAuthButtons": false
}
🌱 Plant card names: [ [32m'African Violet'[39m, [32m'Alocasia'[39m, [32m'Aloe Aristata'[39m ]
  -  19 [chromium] › tests/e2e/plants/plants.spec.ts:16:3 › Plants Catalog › should show plant details navigation
📅 Mock current date set to: 2025-09-10T12:00:00Z
Auth state verified - Authenticated: true, Needs auth: false
Auth state verified - Authenticated: true, Needs auth: false
Auth state verified - Authenticated: true, Needs auth: false
  ✘  22 [chromium] › tests/e2e/seasonal/seasonal-review-system.spec.ts:33:5 › Seasonal Schedule Review System › Seasonal Transition Detection › should detect summer to fall transition with high confidence (7.2s)
  ✘  23 [chromium] › tests/e2e/seasonal/seasonal-review-system.spec.ts:89:5 › Seasonal Schedule Review System › Seasonal Transition Detection › should detect spring transition with weather-based suggestions (6.9s)
[dotenv@17.2.2] injecting env (0) from .env -- tip: ⚙️  write to custom object with { processEnv: myObject }
[dotenv@17.2.2] injecting env (0) from .env.local -- tip: ⚙️  enable debug logging with { debug: true }
(node:14591) Warning: The 'NO_COLOR' env is ignored due to the 'FORCE_COLOR' env being set.
(Use `node --trace-warnings ...` to show where the warning was created)
[dotenv@17.2.2] injecting env (0) from .env -- tip: 📡 version env with Radar: https://dotenvx.com/radar
[dotenv@17.2.2] injecting env (0) from .env.local -- tip: 🔐 prevent committing .env to code: https://dotenvx.com/precommit
(node:14593) Warning: The 'NO_COLOR' env is ignored due to the 'FORCE_COLOR' env being set.
(Use `node --trace-warnings ...` to show where the warning was created)
📅 Mock current date set to: 2025-09-10T12:00:00Z
📅 Mock current date set to: 2025-09-10T12:00:00Z
✅ Found element with selector: h2:has-text("Find your next green companion")
Catalog page validation - Cards: 24, URL valid: true
  ✓  21 [chromium] › tests/e2e/plants/plants.spec.ts:138:3 › Plants Catalog › should display catalog page elements (9.3s)
📅 Mock current date set to: 2025-09-10T12:00:00Z
Auth state verified - Authenticated: true, Needs auth: false
Auth state verified - Authenticated: true, Needs auth: false
Auth state verified - Authenticated: true, Needs auth: false
  ✓  25 [chromium] › tests/e2e/seasonal/seasonal-review-system.spec.ts:162:5 › Seasonal Schedule Review System › Seasonal Review Banner › should display seasonal review banner when transition detected (6.7s)
📅 Mock current date set to: 2025-09-10T12:00:00Z
  ✓  26 [chromium] › tests/e2e/seasonal/seasonal-review-system.spec.ts:193:5 › Seasonal Schedule Review System › Seasonal Review Banner › should allow snoozing seasonal review (7.1s)
📅 Mock current date set to: 2025-09-10T12:00:00Z
  ✓  27 [chromium] › tests/e2e/seasonal/seasonal-review-system.spec.ts:221:5 › Seasonal Schedule Review System › Seasonal Review Banner › should allow dismissing seasonal review (6.9s)
📅 Mock current date set to: 2025-09-10T12:00:00Z
  ✘  24 [chromium] › tests/e2e/seasonal/seasonal-review-system.spec.ts:124:5 › Seasonal Schedule Review System › Seasonal Transition Detection › should handle medium confidence transitions appropriately (15.1s)
[dotenv@17.2.2] injecting env (0) from .env -- tip: 📡 version env with Radar: https://dotenvx.com/radar
[dotenv@17.2.2] injecting env (0) from .env.local -- tip: ⚙️  override existing env vars with { override: true }
(node:14790) Warning: The 'NO_COLOR' env is ignored due to the 'FORCE_COLOR' env being set.
(Use `node --trace-warnings ...` to show where the warning was created)
📅 Mock current date set to: 2025-09-10T12:00:00Z
Auth state verified - Authenticated: true, Needs auth: false
Auth state verified - Authenticated: true, Needs auth: false
Auth state verified - Authenticated: true, Needs auth: false
  ✓  28 [chromium] › tests/e2e/seasonal/seasonal-review-system.spec.ts:254:5 › Seasonal Schedule Review System › Seasonal Review Dialog › should show seasonal review dialog with schedule suggestions (6.2s)
📅 Mock current date set to: 2025-09-10T12:00:00Z
Auth state verified - Authenticated: true, Needs auth: false
  ✓  29 [chromium] › tests/e2e/seasonal/seasonal-review-system.spec.ts:326:5 › Seasonal Schedule Review System › Seasonal Review Dialog › should allow applying seasonal schedule suggestions (6.5s)
📅 Mock current date set to: 2025-09-10T12:00:00Z
  ✓  30 [chromium] › tests/e2e/seasonal/seasonal-review-system.spec.ts:375:5 › Seasonal Schedule Review System › Seasonal Review Dialog › should allow customizing individual plant schedules (6.8s)
📅 Mock current date set to: 2025-09-10T12:00:00Z
  ✓  31 [chromium] › tests/e2e/seasonal/seasonal-review-system.spec.ts:413:5 › Seasonal Schedule Review System › Schedule History and Insights › should show previous year schedule performance (6.3s)
📅 Mock current date set to: 2025-09-10T12:00:00Z
Auth state verified - Authenticated: true, Needs auth: false
Auth state verified - Authenticated: true, Needs auth: false
Auth state verified - Authenticated: true, Needs auth: false
  ✓  32 [chromium] › tests/e2e/seasonal/seasonal-review-system.spec.ts:451:5 › Seasonal Schedule Review System › Schedule History and Insights › should handle plants with no historical data (6.8s)
📅 Mock current date set to: 2025-09-10T12:00:00Z
Auth state verified - Authenticated: true, Needs auth: false
  ✘  34 [chromium] › tests/e2e/seasonal/seasonal-review-system.spec.ts:522:5 › Seasonal Schedule Review System › Error Handling and Edge Cases › should handle no plants scenario (5.9s)
[dotenv@17.2.2] injecting env (0) from .env -- tip: ⚙️  override existing env vars with { override: true }
[dotenv@17.2.2] injecting env (0) from .env.local -- tip: 🛠️  run anywhere with `dotenvx run -- yourcommand`
(node:15039) Warning: The 'NO_COLOR' env is ignored due to the 'FORCE_COLOR' env being set.
(Use `node --trace-warnings ...` to show where the warning was created)
📅 Mock current date set to: 2025-09-10T12:00:00Z
  ✓  35 [chromium] › tests/e2e/seasonal/seasonal-review-system.spec.ts:542:5 › Seasonal Schedule Review System › Error Handling and Edge Cases › should handle API errors during seasonal suggestion generation (6.3s)
📅 Mock current date set to: 2025-09-10T12:00:00Z
Auth state verified - Authenticated: true, Needs auth: false
🌱 Mock data setup completed - 3 plants
📊 Plants: Test Monstera (Monstera deliciosa), Test Snake Plant (Sansevieria trifasciata), Test Overdue Plant (Ficus lyrata)
Auth state verified - Authenticated: true, Needs auth: false
🌱 Mock data setup completed - 1 plants
📊 Plants: Test Postponed Plant (Rubber Tree)
Auth state verified - Authenticated: true, Needs auth: false
🌱 Mock data setup completed - 1 plants
📊 Plants: Expired Postponement Plant (Snake Plant)
  ✘  33 [chromium] › tests/e2e/seasonal/seasonal-review-system.spec.ts:490:5 › Seasonal Schedule Review System › Error Handling and Edge Cases › should handle weather service failures gracefully (15.1s)
[dotenv@17.2.2] injecting env (0) from .env -- tip: ⚙️  enable debug logging with { debug: true }
[dotenv@17.2.2] injecting env (0) from .env.local -- tip: ⚙️  enable debug logging with { debug: true }
(node:15225) Warning: The 'NO_COLOR' env is ignored due to the 'FORCE_COLOR' env being set.
(Use `node --trace-warnings ...` to show where the warning was created)
📅 Mock current date set to: 2025-09-10T12:00:00Z
Auth state verified - Authenticated: true, Needs auth: false
🌱 Mock data setup completed - 1 plants
📊 Plants: Monthly Cactus (Barrel Cactus)
  ✘  36 [chromium] › tests/e2e/watering/calendar-date-schedule.spec.ts:24:3 › Calendar Date Watering Schedule › calculates days remaining based on calendar dates only (15.1s)
[dotenv@17.2.2] injecting env (0) from .env -- tip: 📡 auto-backup env with Radar: https://dotenvx.com/radar
[dotenv@17.2.2] injecting env (0) from .env.local -- tip: ⚙️  write to custom object with { processEnv: myObject }
(node:15341) Warning: The 'NO_COLOR' env is ignored due to the 'FORCE_COLOR' env being set.
(Use `node --trace-warnings ...` to show where the warning was created)
📅 Mock current date set to: 2025-09-10T12:00:00Z
  ✘  37 [chromium] › tests/e2e/watering/calendar-date-schedule.spec.ts:70:3 › Calendar Date Watering Schedule › handles postponed plants with future calendar dates (15.1s)
[dotenv@17.2.2] injecting env (0) from .env -- tip: 📡 auto-backup env with Radar: https://dotenvx.com/radar
[dotenv@17.2.2] injecting env (0) from .env.local -- tip: ⚙️  specify custom .env file path with { path: '/custom/path/.env' }
(node:15380) Warning: The 'NO_COLOR' env is ignored due to the 'FORCE_COLOR' env being set.
(Use `node --trace-warnings ...` to show where the warning was created)
❌ Mock data verification failed - timeout reached
⏭️ Skipping test 'expired postponement test': Mock data not active
🔍 Debug info for test: expired postponement test
📊 Environment State: {
  "hasPlatCards": false,
  "plantCardCount": 0,
  "pageContent": "Unable to get content",
  "mockDataActive": false,
  "currentUrl": "http://localhost:8080/",
  "isAuthenticated": false,
  "hasAuthButtons": false
}
  ✘  38 [chromium] › tests/e2e/watering/calendar-date-schedule.spec.ts:114:3 › Calendar Date Watering Schedule › handles expired postponements by reverting to normal schedule (15.1s)
📅 Mock current date set to: 2025-09-10T12:00:00Z
[dotenv@17.2.2] injecting env (0) from .env -- tip: 📡 version env with Radar: https://dotenvx.com/radar
[dotenv@17.2.2] injecting env (0) from .env.local -- tip: 📡 auto-backup env with Radar: https://dotenvx.com/radar
(node:15384) Warning: The 'NO_COLOR' env is ignored due to the 'FORCE_COLOR' env being set.
(Use `node --trace-warnings ...` to show where the warning was created)
📅 Mock current date set to: 2025-09-10T12:00:00Z
Auth state verified - Authenticated: true, Needs auth: false
🌱 Mock data setup completed - 1 plants
📊 Plants: Just Watered Plant (Pothos)
Auth state verified - Authenticated: false, Needs auth: true
Auth state verified - Authenticated: false, Needs auth: true
  ✘  39 [chromium] › tests/e2e/watering/calendar-date-schedule.spec.ts:159:3 › Calendar Date Watering Schedule › calculates long watering schedules correctly (15.1s)
[dotenv@17.2.2] injecting env (0) from .env -- tip: 📡 observe env with Radar: https://dotenvx.com/radar
[dotenv@17.2.2] injecting env (0) from .env.local -- tip: 📡 observe env with Radar: https://dotenvx.com/radar
(node:15556) Warning: The 'NO_COLOR' env is ignored due to the 'FORCE_COLOR' env being set.
(Use `node --trace-warnings ...` to show where the warning was created)
📅 Mock current date set to: 2025-09-10T12:00:00Z
  ✘  41 [chromium] › tests/e2e/watering/pattern-detection.spec.ts:19:3 › Watering Pattern Detection › should detect early watering pattern and show suggestion dialog (11.5s)
[dotenv@17.2.2] injecting env (0) from .env -- tip: ⚙️  override existing env vars with { override: true }
[dotenv@17.2.2] injecting env (0) from .env.local -- tip: 📡 auto-backup env with Radar: https://dotenvx.com/radar
(node:15625) Warning: The 'NO_COLOR' env is ignored due to the 'FORCE_COLOR' env being set.
(Use `node --trace-warnings ...` to show where the warning was created)
📅 Mock current date set to: 2025-09-10T12:00:00Z
  ✘  42 [chromium] › tests/e2e/watering/pattern-detection.spec.ts:51:3 › Watering Pattern Detection › should detect late watering pattern (11.5s)
[dotenv@17.2.2] injecting env (0) from .env -- tip: 🔐 prevent building .env in docker: https://dotenvx.com/prebuild
[dotenv@17.2.2] injecting env (0) from .env.local -- tip: 🔐 prevent committing .env to code: https://dotenvx.com/precommit
(node:15651) Warning: The 'NO_COLOR' env is ignored due to the 'FORCE_COLOR' env being set.
(Use `node --trace-warnings ...` to show where the warning was created)
📅 Mock current date set to: 2025-09-10T12:00:00Z
Auth state verified - Authenticated: false, Needs auth: true
  ✘  40 [chromium] › tests/e2e/watering/calendar-date-schedule.spec.ts:204:3 › Calendar Date Watering Schedule › shows appropriate status for just-watered plants (15.1s)
[dotenv@17.2.2] injecting env (0) from .env -- tip: 📡 version env with Radar: https://dotenvx.com/radar
[dotenv@17.2.2] injecting env (0) from .env.local -- tip: ⚙️  load multiple .env files with { path: ['.env.local', '.env'] }
(node:15691) Warning: The 'NO_COLOR' env is ignored due to the 'FORCE_COLOR' env being set.
(Use `node --trace-warnings ...` to show where the warning was created)
📅 Mock current date set to: 2025-09-10T12:00:00Z
Auth state verified - Authenticated: false, Needs auth: true
Auth state verified - Authenticated: false, Needs auth: true
Auth state verified - Authenticated: false, Needs auth: true
  ✘  43 [chromium] › tests/e2e/watering/pattern-detection.spec.ts:81:3 › Watering Pattern Detection › should detect consistent watering pattern (11.3s)
[dotenv@17.2.2] injecting env (0) from .env -- tip: ⚙️  override existing env vars with { override: true }
[dotenv@17.2.2] injecting env (0) from .env.local -- tip: 🔐 prevent building .env in docker: https://dotenvx.com/prebuild
(node:15831) Warning: The 'NO_COLOR' env is ignored due to the 'FORCE_COLOR' env being set.
(Use `node --trace-warnings ...` to show where the warning was created)
📅 Mock current date set to: 2025-09-10T12:00:00Z
  ✘  44 [chromium] › tests/e2e/watering/pattern-detection.spec.ts:111:3 › Watering Pattern Detection › should detect irregular watering pattern (11.5s)
[dotenv@17.2.2] injecting env (0) from .env -- tip: ⚙️  write to custom object with { processEnv: myObject }
[dotenv@17.2.2] injecting env (0) from .env.local -- tip: ⚙️  suppress all logs with { quiet: true }
(node:15907) Warning: The 'NO_COLOR' env is ignored due to the 'FORCE_COLOR' env being set.
(Use `node --trace-warnings ...` to show where the warning was created)
Setting up basic watering record tests...
  ✘  48 [chromium] › tests/e2e/watering/watering-record-basic.spec.ts:16:3 › Basic Watering Record Operations › should successfully delete a watering record (185ms)
  ✘  45 [chromium] › tests/e2e/watering/pattern-detection.spec.ts:141:3 › Watering Pattern Detection › should handle insufficient watering data (11.7s)
[dotenv@17.2.2] injecting env (0) from .env -- tip: ⚙️  enable debug logging with { debug: true }
[dotenv@17.2.2] injecting env (0) from .env.local -- tip: 🔐 encrypt with Dotenvx: https://dotenvx.com
(node:15927) Warning: The 'NO_COLOR' env is ignored due to the 'FORCE_COLOR' env being set.
(Use `node --trace-warnings ...` to show where the warning was created)
[dotenv@17.2.2] injecting env (0) from .env -- tip: 📡 auto-backup env with Radar: https://dotenvx.com/radar
[dotenv@17.2.2] injecting env (0) from .env.local -- tip: 📡 auto-backup env with Radar: https://dotenvx.com/radar
(node:15928) Warning: The 'NO_COLOR' env is ignored due to the 'FORCE_COLOR' env being set.
(Use `node --trace-warnings ...` to show where the warning was created)
Setting up basic watering record tests...
Setting up error handling tests...
  ✘  49 [chromium] › tests/e2e/watering/watering-record-basic.spec.ts:44:3 › Basic Watering Record Operations › should handle empty watering records list (261ms)
  ✘  50 [chromium] › tests/e2e/watering/watering-record-error-handling.spec.ts:16:3 › Watering Record Error Handling › should handle network errors during deletion (246ms)
[dotenv@17.2.2] injecting env (0) from .env -- tip: ⚙️  override existing env vars with { override: true }
[dotenv@17.2.2] injecting env (0) from .env.local -- tip: 📡 version env with Radar: https://dotenvx.com/radar
(node:15965) Warning: The 'NO_COLOR' env is ignored due to the 'FORCE_COLOR' env being set.
(Use `node --trace-warnings ...` to show where the warning was created)
[dotenv@17.2.2] injecting env (0) from .env -- tip: ⚙️  specify custom .env file path with { path: '/custom/path/.env' }
[dotenv@17.2.2] injecting env (0) from .env.local -- tip: 📡 auto-backup env with Radar: https://dotenvx.com/radar
(node:15967) Warning: The 'NO_COLOR' env is ignored due to the 'FORCE_COLOR' env being set.
(Use `node --trace-warnings ...` to show where the warning was created)
Setting up error handling tests...
📅 Mock current date set to: 2025-09-10T12:00:00Z
  ✘  51 [chromium] › tests/e2e/watering/watering-record-error-handling.spec.ts:51:3 › Watering Record Error Handling › should handle multiple deletion attempts during error state (164ms)
Auth state verified - Authenticated: false, Needs auth: true
  ✘  46 [chromium] › tests/e2e/watering/pattern-detection.spec.ts:171:3 › Watering Pattern Detection › should access pattern analysis from watering history dialog (11.6s)
[dotenv@17.2.2] injecting env (0) from .env -- tip: 🔐 prevent committing .env to code: https://dotenvx.com/precommit
[dotenv@17.2.2] injecting env (0) from .env.local -- tip: 🛠️  run anywhere with `dotenvx run -- yourcommand`
(node:15991) Warning: The 'NO_COLOR' env is ignored due to the 'FORCE_COLOR' env being set.
(Use `node --trace-warnings ...` to show where the warning was created)
📅 Mock current date set to: 2025-09-10T12:00:00Z
[dotenv@17.2.2] injecting env (0) from .env -- tip: ⚙️  write to custom object with { processEnv: myObject }
[dotenv@17.2.2] injecting env (0) from .env.local -- tip: ⚙️  suppress all logs with { quiet: true }
(node:15992) Warning: The 'NO_COLOR' env is ignored due to the 'FORCE_COLOR' env being set.
(Use `node --trace-warnings ...` to show where the warning was created)
📅 Mock current date set to: 2025-09-10T12:00:00Z
Auth state verified - Authenticated: false, Needs auth: true
🌱 Mock data setup completed - 3 plants
📊 Plants: Test Monstera (Monstera deliciosa), Test Snake Plant (Sansevieria trifasciata), Test Overdue Plant (Ficus lyrata)
Auth state verified - Authenticated: true, Needs auth: false
🌱 Mock data setup completed - 3 plants
📊 Plants: Test Monstera (Monstera deliciosa), Test Snake Plant (Sansevieria trifasciata), Test Overdue Plant (Ficus lyrata)
⚠️ Mock data not active, skipping test
  -  53 [chromium] › tests/e2e/watering/watering-schedule-calculation.spec.ts:68:3 › Watering Schedule Calculation › displays 7 days remaining for plant watered 7 days ago with 14-day schedule
📅 Mock current date set to: 2025-09-10T12:00:00Z
Auth state verified - Authenticated: true, Needs auth: false
🌱 Mock data setup completed - 3 plants
📊 Plants: Test Monstera (Monstera deliciosa), Test Snake Plant (Sansevieria trifasciata), Test Overdue Plant (Ficus lyrata)
  ✘  47 [chromium] › tests/e2e/watering/pattern-detection.spec.ts:202:3 › Watering Pattern Detection › should dismiss pattern suggestion and not show again (11.6s)
[dotenv@17.2.2] injecting env (0) from .env -- tip: ⚙️  override existing env vars with { override: true }
[dotenv@17.2.2] injecting env (0) from .env.local -- tip: 🔐 encrypt with Dotenvx: https://dotenvx.com
(node:16137) Warning: The 'NO_COLOR' env is ignored due to the 'FORCE_COLOR' env being set.
(Use `node --trace-warnings ...` to show where the warning was created)
📅 Mock current date set to: 2025-09-10T12:00:00Z
Auth state verified - Authenticated: true, Needs auth: false
🌱 Mock data setup completed - 1 plants
📊 Plants: Test Postponed Plant (Rubber Tree)
Auth state verified - Authenticated: true, Needs auth: false
  ✓  56 [chromium] › tests/e2e/watering/watering-schedule-calculation.spec.ts:180:3 › Watering Schedule Calculation › handles plants with no watering history gracefully (6.9s)
📅 Mock current date set to: 2025-09-10T12:00:00Z
  ✘  52 [chromium] › tests/e2e/watering/watering-schedule-calculation.spec.ts:25:3 › Watering Schedule Calculation › displays 5 days remaining for plant watered 2 days ago with 7-day schedule (15.1s)
[dotenv@17.2.2] injecting env (0) from .env -- tip: ⚙️  suppress all logs with { quiet: true }
[dotenv@17.2.2] injecting env (0) from .env.local -- tip: ⚙️  load multiple .env files with { path: ['.env.local', '.env'] }
(node:16314) Warning: The 'NO_COLOR' env is ignored due to the 'FORCE_COLOR' env being set.
(Use `node --trace-warnings ...` to show where the warning was created)
📅 Mock current date set to: 2025-09-10T12:00:00Z
  ✘  54 [chromium] › tests/e2e/watering/watering-schedule-calculation.spec.ts:94:3 › Watering Schedule Calculation › displays overdue status for plant watered 9 days ago with 5-day schedule (15.1s)
[dotenv@17.2.2] injecting env (0) from .env -- tip: ⚙️  load multiple .env files with { path: ['.env.local', '.env'] }
[dotenv@17.2.2] injecting env (0) from .env.local -- tip: ⚙️  override existing env vars with { override: true }
(node:16353) Warning: The 'NO_COLOR' env is ignored due to the 'FORCE_COLOR' env being set.
(Use `node --trace-warnings ...` to show where the warning was created)
📅 Mock current date set to: 2025-09-10T12:00:00Z
Auth state verified - Authenticated: true, Needs auth: false
  ✓  57 [chromium] › tests/e2e/watering/watering-schedule-calculation.spec.ts:201:3 › Watering Schedule Calculation › displays valid watering status for all plants on page (6.0s)
📅 Mock current date set to: 2025-09-10T12:00:00Z
🔐 Setting up authentication for watering schedule calculations
Auth state verified - Authenticated: true, Needs auth: false
📍 Current URL: http://localhost:8080/auth
📝 Signing up new test user for watering schedule testing
  ✘  55 [chromium] › tests/e2e/watering/watering-schedule-calculation.spec.ts:137:3 › Watering Schedule Calculation › shows postponed status until specified date (15.1s)
[dotenv@17.2.2] injecting env (0) from .env -- tip: ⚙️  suppress all logs with { quiet: true }
[dotenv@17.2.2] injecting env (0) from .env.local -- tip: 🛠️  run anywhere with `dotenvx run -- yourcommand`
(node:16457) Warning: The 'NO_COLOR' env is ignored due to the 'FORCE_COLOR' env being set.
(Use `node --trace-warnings ...` to show where the warning was created)
📅 Mock current date set to: 2025-09-10T12:00:00Z
🔐 Setting up authentication for watering schedule calculations
Auth state verified - Authenticated: true, Needs auth: false
📍 Post sign-up URL: http://localhost:8080/auth
📝 Signing in after sign-up
  ✓  58 [chromium] › tests/e2e/watering/watering-schedule-calculation.spec.ts:226:3 › Watering Schedule Calculation › shows specific dates instead of "Unknown" for next watering (6.8s)
📅 Mock current date set to: 2025-09-10T12:00:00Z
🔐 Setting up authentication for watering schedule calculations
📍 Current URL: http://localhost:8080/auth
📝 Signing up new test user for watering schedule testing
✅ Sign-in form is ready, filling credentials
  -  59 [chromium] › tests/e2e/watering/watering-schedule-calculation.spec.ts:258:3 › Watering Schedule Calculation › updates watering schedule after marking plant as watered
📅 Mock current date set to: 2025-09-10T12:00:00Z
🔐 Setting up authentication for watering schedule calculations
📍 Current URL: http://localhost:8080/auth
📝 Signing up new test user for watering schedule testing
✅ Final authentication URL: http://localhost:8080/auth
🌱 Setting up mock plant data for watering schedule calculations
📦 Set up mock data for 3 plants
📍 Current URL: http://localhost:8080/auth
📝 Signing up new test user for watering schedule testing
📍 Post sign-up URL: http://localhost:8080/auth
📝 Signing in after sign-up
✅ Sign-in form is ready, filling credentials
📍 Post sign-up URL: http://localhost:8080/auth
📝 Signing in after sign-up
✅ Sign-in form is ready, filling credentials
✅ Final authentication URL: http://localhost:8080/auth
📍 Post sign-up URL: http://localhost:8080/auth
📝 Signing in after sign-up
🌿 Found 3 plant cards
📊 Plant availability: Monstera=true, Snake Plant=true, Overdue Plant=true
🌿 Testing Monstera watering schedule
💧 Monstera watering status: Overdue by 22 days, Watch watering, Last watered:, Next watering:, View Watering History, Water Now
🌿 Testing Snake Plant watering schedule
💧 Snake Plant watering status: Overdue by 20 days, Watch watering, Last watered:, Next watering:, View Watering History, Water Now
🌿 Testing Overdue Plant watering schedule
💧 Overdue Plant watering status: Overdue by 31 days, Watch watering, Test Overdue Plant, Last watered:, Next watering:, View Watering History, Water Now
  ✓  60 [chromium] › tests/e2e/watering/watering-schedule-calculations.spec.ts:74:3 › Watering Schedule Calculations › should display correct watering schedule for plants (5.5s)
📅 Mock current date set to: 2025-09-10T12:00:00Z
🔐 Setting up authentication for watering schedule calculations
✅ Sign-in form is ready, filling credentials
✅ Final authentication URL: http://localhost:8080/auth
  -  61 [chromium] › tests/e2e/watering/watering-schedule-calculations.spec.ts:160:3 › Watering Schedule Calculations › should display valid watering status for all plants
📍 Current URL: http://localhost:8080/auth
📝 Signing up new test user for watering schedule testing
📅 Mock current date set to: 2025-09-10T12:00:00Z
🔐 Setting up authentication for watering schedule calculations
✅ Final authentication URL: http://localhost:8080/auth
📍 Current URL: http://localhost:8080/auth
📝 Signing up new test user for watering schedule testing
  -  62 [chromium] › tests/e2e/watering/watering-schedule-calculations.spec.ts:188:3 › Watering Schedule Calculations › should show appropriate watering status for all plants
📅 Mock current date set to: 2025-09-10T12:00:00Z
🔐 Setting up authentication for watering schedule calculations
  -  63 [chromium] › tests/e2e/watering/watering-schedule-calculations.spec.ts:216:3 › Watering Schedule Calculations › should display correct next watering dates for all plants
📍 Current URL: http://localhost:8080/auth
📝 Signing up new test user for watering schedule testing
📍 Post sign-up URL: http://localhost:8080/auth
📝 Signing in after sign-up
  ✓  67 [chromium] › tests/e2e/watering/watering.spec.ts:9:3 › Smart Watering › should display watering schedule on homepage (384ms)
✅ Sign-in form is ready, filling credentials
📍 Post sign-up URL: http://localhost:8080/auth
📝 Signing in after sign-up
✅ Sign-in form is ready, filling credentials
✅ Final authentication URL: http://localhost:8080/auth
📍 Post sign-up URL: http://localhost:8080/auth
📝 Signing in after sign-up
✅ Final authentication URL: http://localhost:8080/auth
✅ Sign-in form is ready, filling credentials
  ✓  64 [chromium] › tests/e2e/watering/watering-schedule-calculations.spec.ts:253:3 › Watering Schedule Calculations › should show plant statistics (4.5s)
✅ Final authentication URL: http://localhost:8080/auth
  -  65 [chromium] › tests/e2e/watering/watering-schedule-calculations.spec.ts:288:3 › Watering Schedule Calculations › should handle watering a plant and update schedule correctly
  -  66 [chromium] › tests/e2e/watering/watering-schedule-calculations.spec.ts:324:3 › Watering Schedule Calculations › should display frequency information correctly
🧹 Starting global teardown...
🧹 Cleaning up test users...
✅ No test users found to clean up
✅ Global teardown completed


  1) [chromium] › tests/e2e/plant-management/plant-lifecycle.spec.ts:12:3 › Plant Management Lifecycle › should display plant management UI when authenticated 

    Error: Expected either plant cards or empty state to be visible

      23 |     // At least one should be present
      24 |     if (!hasPlantCards && !hasEmptyState) {
    > 25 |       throw new Error('Expected either plant cards or empty state to be visible');
         |             ^
      26 |     }
      27 |     
      28 |     // Should have an add plant button
        at /Users/nicogarbaccio/Development/sprouthub/tests/e2e/plant-management/plant-lifecycle.spec.ts:25:13

    attachment #1: screenshot (image/png) ──────────────────────────────────────────────────────────
    test-results/plant-management-plant-lif-04d1c-ement-UI-when-authenticated-chromium/test-failed-1.png
    ────────────────────────────────────────────────────────────────────────────────────────────────

    Error Context: test-results/plant-management-plant-lif-04d1c-ement-UI-when-authenticated-chromium/error-context.md

  2) [chromium] › tests/e2e/seasonal/seasonal-review-system.spec.ts:33:5 › Seasonal Schedule Review System › Seasonal Transition Detection › should detect summer to fall transition with high confidence 

    Error: Expected seasonal review banner or dialog to be visible

      69 |       // At least one should be visible for seasonal transition
      70 |       if (!bannerVisible && !dialogVisible) {
    > 71 |         throw new Error('Expected seasonal review banner or dialog to be visible');
         |               ^
      72 |       }
      73 |
      74 |       if (bannerVisible) {
        at /Users/nicogarbaccio/Development/sprouthub/tests/e2e/seasonal/seasonal-review-system.spec.ts:71:15

    attachment #1: screenshot (image/png) ──────────────────────────────────────────────────────────
    test-results/seasonal-seasonal-review-s-bd4bd-sition-with-high-confidence-chromium/test-failed-1.png
    ────────────────────────────────────────────────────────────────────────────────────────────────

    Error Context: test-results/seasonal-seasonal-review-s-bd4bd-sition-with-high-confidence-chromium/error-context.md

  3) [chromium] › tests/e2e/seasonal/seasonal-review-system.spec.ts:89:5 › Seasonal Schedule Review System › Seasonal Transition Detection › should detect spring transition with weather-based suggestions 

    Error: locator.count: Unexpected token "=" while parsing css selector "[data-testid*="seasonal"], [class*="seasonal"], text=/spring.*schedule|seasonal.*review/i". Did you mean to CSS.escape it?

      113 |
      114 |       // Look for seasonal review elements
    > 115 |       const seasonalElements = await page.locator('[data-testid*="seasonal"], [class*="seasonal"], text=/spring.*schedule|seasonal.*review/i').count();
          |                                                                                                                                                ^
      116 |
      117 |       // If seasonal UI is present, verify spring-specific content
      118 |       if (seasonalElements > 0) {
        at /Users/nicogarbaccio/Development/sprouthub/tests/e2e/seasonal/seasonal-review-system.spec.ts:115:144

    attachment #1: screenshot (image/png) ──────────────────────────────────────────────────────────
    test-results/seasonal-seasonal-review-s-7d5fd-h-weather-based-suggestions-chromium/test-failed-1.png
    ────────────────────────────────────────────────────────────────────────────────────────────────

    Error Context: test-results/seasonal-seasonal-review-s-7d5fd-h-weather-based-suggestions-chromium/error-context.md

  4) [chromium] › tests/e2e/seasonal/seasonal-review-system.spec.ts:124:5 › Seasonal Schedule Review System › Seasonal Transition Detection › should handle medium confidence transitions appropriately 

    [31mTest timeout of 15000ms exceeded.[39m

    Error: page.waitForLoadState: Test timeout of 15000ms exceeded.

      143 |
      144 |       await page.goto('/my-plants');
    > 145 |       await page.waitForLoadState('networkidle');
          |                  ^
      146 |
      147 |       // Medium confidence should still show review but with appropriate messaging
      148 |       const seasonalDialog = page.locator('[role="dialog"]').filter({ hasText: /seasonal.*review/i });
        at /Users/nicogarbaccio/Development/sprouthub/tests/e2e/seasonal/seasonal-review-system.spec.ts:145:18

    attachment #1: screenshot (image/png) ──────────────────────────────────────────────────────────
    test-results/seasonal-seasonal-review-s-e8a71-e-transitions-appropriately-chromium/test-failed-1.png
    ────────────────────────────────────────────────────────────────────────────────────────────────

    Error Context: test-results/seasonal-seasonal-review-s-e8a71-e-transitions-appropriately-chromium/error-context.md

  5) [chromium] › tests/e2e/seasonal/seasonal-review-system.spec.ts:490:5 › Seasonal Schedule Review System › Error Handling and Edge Cases › should handle weather service failures gracefully 

    [31mTest timeout of 15000ms exceeded.[39m

    Error: [2mexpect([22m[31mlocator[39m[2m).[22mtoBeVisible[2m()[22m failed

    Locator:  locator('[data-testid="plants-container"], .plants-grid, .plants-list').first()
    Expected: visible
    Received: <element(s) not found>

    Call log:
    [2m  - Expect "toBeVisible" with timeout 10000ms[22m
    [2m  - waiting for locator('[data-testid="plants-container"], .plants-grid, .plants-list').first()[22m


      510 |       // Page should still load normally even with weather service failure
      511 |       const plantsContainer = page.locator('[data-testid="plants-container"], .plants-grid, .plants-list');
    > 512 |       await expect(plantsContainer.first()).toBeVisible({ timeout: 10000 });
          |                                             ^
      513 |
      514 |       // Should not show seasonal review when weather service fails
      515 |       const seasonalBanner = page.locator('[data-testid="seasonal-review-banner"]');
        at /Users/nicogarbaccio/Development/sprouthub/tests/e2e/seasonal/seasonal-review-system.spec.ts:512:45

    attachment #1: screenshot (image/png) ──────────────────────────────────────────────────────────
    test-results/seasonal-seasonal-review-s-742aa-service-failures-gracefully-chromium/test-failed-1.png
    ────────────────────────────────────────────────────────────────────────────────────────────────

    Error Context: test-results/seasonal-seasonal-review-s-742aa-service-failures-gracefully-chromium/error-context.md

  6) [chromium] › tests/e2e/seasonal/seasonal-review-system.spec.ts:522:5 › Seasonal Schedule Review System › Error Handling and Edge Cases › should handle no plants scenario 

    Error: locator.isVisible: Error: strict mode violation: locator('text=/no.*plants|add.*first.*plant/i') resolved to 2 elements:
        1) <div class="flex flex-col items-center p-4">…</div> aka getByText('Room OrganizationOrganize')
        2) <button class="inline-flex items-center justify-center gap-2 whitespace-nowrap ring-offset-background focus-visible:outline-none focus-visible:ring-2 focus-visible:ring-ring focus-visible:ring-offset-2 disabled:pointer-events-none disabled:opacity-50 [&_svg]:pointer-events-none [&_svg]:size-4 [&_svg]:shrink-0 h-11 bg-sprout-success hover:bg-sprout-success/90 text-plant-primary dark:text-white rounded-xl px-8 py-3 text-lg shadow-lg hover:shadow-xl transition-all duration-300 font-medium">…</button> aka getByRole('button', { name: 'Add Your First Plant' })

    Call log:
    [2m    - checking visibility of locator('text=/no.*plants|add.*first.*plant/i')[22m


      533 |       const seasonalBanner = page.locator('[data-testid="seasonal-review-banner"]');
      534 |
    > 535 |       if (await emptyState.isVisible({ timeout: 3000 })) {
          |                            ^
      536 |         // Seasonal review should not show when there are no plants
      537 |         const hasSeasonalUI = await seasonalBanner.isVisible({ timeout: 1000 }).catch(() => false);
      538 |         expect(hasSeasonalUI).toBeFalsy();
        at /Users/nicogarbaccio/Development/sprouthub/tests/e2e/seasonal/seasonal-review-system.spec.ts:535:28

    attachment #1: screenshot (image/png) ──────────────────────────────────────────────────────────
    test-results/seasonal-seasonal-review-s-260d4-d-handle-no-plants-scenario-chromium/test-failed-1.png
    ────────────────────────────────────────────────────────────────────────────────────────────────

    Error Context: test-results/seasonal-seasonal-review-s-260d4-d-handle-no-plants-scenario-chromium/error-context.md

  7) [chromium] › tests/e2e/watering/calendar-date-schedule.spec.ts:24:3 › Calendar Date Watering Schedule › calculates days remaining based on calendar dates only 

    [31mTest timeout of 15000ms exceeded.[39m

    Error: page.waitForTimeout: Test timeout of 15000ms exceeded.

       at ../utils/test-helpers.ts:33

      31 |     }
      32 |     
    > 33 |     await page.waitForTimeout(500);
         |                ^
      34 |   }
      35 |   
      36 |   if (verbose) console.log('❌ Mock data verification failed - timeout reached');
        at waitForMockData (/Users/nicogarbaccio/Development/sprouthub/tests/utils/test-helpers.ts:33:16)
        at /Users/nicogarbaccio/Development/sprouthub/tests/e2e/watering/calendar-date-schedule.spec.ts:35:27

    attachment #1: screenshot (image/png) ──────────────────────────────────────────────────────────
    test-results/watering-calendar-date-sch-7564a-ased-on-calendar-dates-only-chromium/test-failed-1.png
    ────────────────────────────────────────────────────────────────────────────────────────────────

    Error Context: test-results/watering-calendar-date-sch-7564a-ased-on-calendar-dates-only-chromium/error-context.md

  8) [chromium] › tests/e2e/watering/calendar-date-schedule.spec.ts:70:3 › Calendar Date Watering Schedule › handles postponed plants with future calendar dates 

    [31mTest timeout of 15000ms exceeded.[39m

    Error: page.waitForTimeout: Test timeout of 15000ms exceeded.

       at ../utils/test-helpers.ts:33

      31 |     }
      32 |     
    > 33 |     await page.waitForTimeout(500);
         |                ^
      34 |   }
      35 |   
      36 |   if (verbose) console.log('❌ Mock data verification failed - timeout reached');
        at waitForMockData (/Users/nicogarbaccio/Development/sprouthub/tests/utils/test-helpers.ts:33:16)
        at /Users/nicogarbaccio/Development/sprouthub/tests/e2e/watering/calendar-date-schedule.spec.ts:81:27

    attachment #1: screenshot (image/png) ──────────────────────────────────────────────────────────
    test-results/watering-calendar-date-sch-ee344--with-future-calendar-dates-chromium/test-failed-1.png
    ────────────────────────────────────────────────────────────────────────────────────────────────

    Error Context: test-results/watering-calendar-date-sch-ee344--with-future-calendar-dates-chromium/error-context.md

  9) [chromium] › tests/e2e/watering/calendar-date-schedule.spec.ts:114:3 › Calendar Date Watering Schedule › handles expired postponements by reverting to normal schedule 

    [31mTest timeout of 15000ms exceeded.[39m

    attachment #1: screenshot (image/png) ──────────────────────────────────────────────────────────
    test-results/watering-calendar-date-sch-ec01e-everting-to-normal-schedule-chromium/test-failed-1.png
    ────────────────────────────────────────────────────────────────────────────────────────────────

    Error Context: test-results/watering-calendar-date-sch-ec01e-everting-to-normal-schedule-chromium/error-context.md

  10) [chromium] › tests/e2e/watering/calendar-date-schedule.spec.ts:159:3 › Calendar Date Watering Schedule › calculates long watering schedules correctly 

    [31mTest timeout of 15000ms exceeded.[39m

    Error: page.waitForTimeout: Test timeout of 15000ms exceeded.

       at ../utils/test-helpers.ts:33

      31 |     }
      32 |     
    > 33 |     await page.waitForTimeout(500);
         |                ^
      34 |   }
      35 |   
      36 |   if (verbose) console.log('❌ Mock data verification failed - timeout reached');
        at waitForMockData (/Users/nicogarbaccio/Development/sprouthub/tests/utils/test-helpers.ts:33:16)
        at /Users/nicogarbaccio/Development/sprouthub/tests/e2e/watering/calendar-date-schedule.spec.ts:170:27

    attachment #1: screenshot (image/png) ──────────────────────────────────────────────────────────
    test-results/watering-calendar-date-sch-ff7d8-atering-schedules-correctly-chromium/test-failed-1.png
    ────────────────────────────────────────────────────────────────────────────────────────────────

    Error Context: test-results/watering-calendar-date-sch-ff7d8-atering-schedules-correctly-chromium/error-context.md

  11) [chromium] › tests/e2e/watering/calendar-date-schedule.spec.ts:204:3 › Calendar Date Watering Schedule › shows appropriate status for just-watered plants 

    [31mTest timeout of 15000ms exceeded.[39m

    Error: page.waitForTimeout: Test timeout of 15000ms exceeded.

       at ../utils/test-helpers.ts:33

      31 |     }
      32 |     
    > 33 |     await page.waitForTimeout(500);
         |                ^
      34 |   }
      35 |   
      36 |   if (verbose) console.log('❌ Mock data verification failed - timeout reached');
        at waitForMockData (/Users/nicogarbaccio/Development/sprouthub/tests/utils/test-helpers.ts:33:16)
        at /Users/nicogarbaccio/Development/sprouthub/tests/e2e/watering/calendar-date-schedule.spec.ts:215:27

    attachment #1: screenshot (image/png) ──────────────────────────────────────────────────────────
    test-results/watering-calendar-date-sch-10aaa-tus-for-just-watered-plants-chromium/test-failed-1.png
    ────────────────────────────────────────────────────────────────────────────────────────────────

    Error Context: test-results/watering-calendar-date-sch-10aaa-tus-for-just-watered-plants-chromium/error-context.md

  12) [chromium] › tests/e2e/watering/pattern-detection.spec.ts:19:3 › Watering Pattern Detection › should detect early watering pattern and show suggestion dialog 

    Error: [2mexpect([22m[31mlocator[39m[2m).[22mtoBeVisible[2m()[22m failed

    Locator:  getByTestId('plant-card').filter({ hasText: 'Early Pattern Plant' })
    Expected: visible
    Received: <element(s) not found>
    Timeout:  5000ms

    Call log:
    [2m  - Expect "toBeVisible" with timeout 5000ms[22m
    [2m  - waiting for getByTestId('plant-card').filter({ hasText: 'Early Pattern Plant' })[22m


      27 |
      28 |     const earlyPlantCard = page.getByTestId('plant-card').filter({ hasText: 'Early Pattern Plant' });
    > 29 |     await expect(earlyPlantCard).toBeVisible();
         |                                  ^
      30 |
      31 |     // Water the plant to trigger pattern analysis
      32 |     const waterButton = earlyPlantCard.locator('button').filter({ hasText: /water/i }).first();
        at /Users/nicogarbaccio/Development/sprouthub/tests/e2e/watering/pattern-detection.spec.ts:29:34

    attachment #1: screenshot (image/png) ──────────────────────────────────────────────────────────
    test-results/watering-pattern-detection-d26d1--and-show-suggestion-dialog-chromium/test-failed-1.png
    ────────────────────────────────────────────────────────────────────────────────────────────────

    Error Context: test-results/watering-pattern-detection-d26d1--and-show-suggestion-dialog-chromium/error-context.md

  13) [chromium] › tests/e2e/watering/pattern-detection.spec.ts:51:3 › Watering Pattern Detection › should detect late watering pattern 

    Error: [2mexpect([22m[31mlocator[39m[2m).[22mtoBeVisible[2m()[22m failed

    Locator:  getByTestId('plant-card').filter({ hasText: 'Late Pattern Plant' })
    Expected: visible
    Received: <element(s) not found>
    Timeout:  5000ms

    Call log:
    [2m  - Expect "toBeVisible" with timeout 5000ms[22m
    [2m  - waiting for getByTestId('plant-card').filter({ hasText: 'Late Pattern Plant' })[22m


      59 |
      60 |     const latePlantCard = page.getByTestId('plant-card').filter({ hasText: 'Late Pattern Plant' });
    > 61 |     await expect(latePlantCard).toBeVisible();
         |                                 ^
      62 |
      63 |     // Water the plant to trigger pattern analysis
      64 |     const waterButton = latePlantCard.locator('button').filter({ hasText: /water/i }).first();
        at /Users/nicogarbaccio/Development/sprouthub/tests/e2e/watering/pattern-detection.spec.ts:61:33

    attachment #1: screenshot (image/png) ──────────────────────────────────────────────────────────
    test-results/watering-pattern-detection-8f736-etect-late-watering-pattern-chromium/test-failed-1.png
    ────────────────────────────────────────────────────────────────────────────────────────────────

    Error Context: test-results/watering-pattern-detection-8f736-etect-late-watering-pattern-chromium/error-context.md

  14) [chromium] › tests/e2e/watering/pattern-detection.spec.ts:81:3 › Watering Pattern Detection › should detect consistent watering pattern 

    Error: [2mexpect([22m[31mlocator[39m[2m).[22mtoBeVisible[2m()[22m failed

    Locator:  getByTestId('plant-card').filter({ hasText: 'Consistent Pattern Plant' })
    Expected: visible
    Received: <element(s) not found>
    Timeout:  5000ms

    Call log:
    [2m  - Expect "toBeVisible" with timeout 5000ms[22m
    [2m  - waiting for getByTestId('plant-card').filter({ hasText: 'Consistent Pattern Plant' })[22m


      89 |
      90 |     const consistentPlantCard = page.getByTestId('plant-card').filter({ hasText: 'Consistent Pattern Plant' });
    > 91 |     await expect(consistentPlantCard).toBeVisible();
         |                                       ^
      92 |
      93 |     // Water the plant to trigger pattern analysis
      94 |     const waterButton = consistentPlantCard.locator('button').filter({ hasText: /water/i }).first();
        at /Users/nicogarbaccio/Development/sprouthub/tests/e2e/watering/pattern-detection.spec.ts:91:39

    attachment #1: screenshot (image/png) ──────────────────────────────────────────────────────────
    test-results/watering-pattern-detection-6489f-consistent-watering-pattern-chromium/test-failed-1.png
    ────────────────────────────────────────────────────────────────────────────────────────────────

    Error Context: test-results/watering-pattern-detection-6489f-consistent-watering-pattern-chromium/error-context.md

  15) [chromium] › tests/e2e/watering/pattern-detection.spec.ts:111:3 › Watering Pattern Detection › should detect irregular watering pattern 

    Error: [2mexpect([22m[31mlocator[39m[2m).[22mtoBeVisible[2m()[22m failed

    Locator:  getByTestId('plant-card').filter({ hasText: 'Irregular Pattern Plant' })
    Expected: visible
    Received: <element(s) not found>
    Timeout:  5000ms

    Call log:
    [2m  - Expect "toBeVisible" with timeout 5000ms[22m
    [2m  - waiting for getByTestId('plant-card').filter({ hasText: 'Irregular Pattern Plant' })[22m


      119 |
      120 |     const irregularPlantCard = page.getByTestId('plant-card').filter({ hasText: 'Irregular Pattern Plant' });
    > 121 |     await expect(irregularPlantCard).toBeVisible();
          |                                      ^
      122 |
      123 |     // Water the plant to trigger pattern analysis
      124 |     const waterButton = irregularPlantCard.locator('button').filter({ hasText: /water/i }).first();
        at /Users/nicogarbaccio/Development/sprouthub/tests/e2e/watering/pattern-detection.spec.ts:121:38

    attachment #1: screenshot (image/png) ──────────────────────────────────────────────────────────
    test-results/watering-pattern-detection-3dc8e--irregular-watering-pattern-chromium/test-failed-1.png
    ────────────────────────────────────────────────────────────────────────────────────────────────

    Error Context: test-results/watering-pattern-detection-3dc8e--irregular-watering-pattern-chromium/error-context.md

  16) [chromium] › tests/e2e/watering/pattern-detection.spec.ts:141:3 › Watering Pattern Detection › should handle insufficient watering data 

    Error: [2mexpect([22m[31mlocator[39m[2m).[22mtoBeVisible[2m()[22m failed

    Locator:  getByTestId('plant-card').filter({ hasText: 'Insufficient Data Plant' })
    Expected: visible
    Received: <element(s) not found>
    Timeout:  5000ms

    Call log:
    [2m  - Expect "toBeVisible" with timeout 5000ms[22m
    [2m  - waiting for getByTestId('plant-card').filter({ hasText: 'Insufficient Data Plant' })[22m


      149 |
      150 |     const insufficientPlantCard = page.getByTestId('plant-card').filter({ hasText: 'Insufficient Data Plant' });
    > 151 |     await expect(insufficientPlantCard).toBeVisible();
          |                                         ^
      152 |
      153 |     // Water the plant to trigger pattern analysis
      154 |     const waterButton = insufficientPlantCard.locator('button').filter({ hasText: /water/i }).first();
        at /Users/nicogarbaccio/Development/sprouthub/tests/e2e/watering/pattern-detection.spec.ts:151:41

    attachment #1: screenshot (image/png) ──────────────────────────────────────────────────────────
    test-results/watering-pattern-detection-afaba--insufficient-watering-data-chromium/test-failed-1.png
    ────────────────────────────────────────────────────────────────────────────────────────────────

    Error Context: test-results/watering-pattern-detection-afaba--insufficient-watering-data-chromium/error-context.md

  17) [chromium] › tests/e2e/watering/pattern-detection.spec.ts:171:3 › Watering Pattern Detection › should access pattern analysis from watering history dialog 

    Error: [2mexpect([22m[31mlocator[39m[2m).[22mtoBeVisible[2m()[22m failed

    Locator:  getByTestId('plant-card').filter({ hasText: 'Early Pattern Plant' })
    Expected: visible
    Received: <element(s) not found>
    Timeout:  5000ms

    Call log:
    [2m  - Expect "toBeVisible" with timeout 5000ms[22m
    [2m  - waiting for getByTestId('plant-card').filter({ hasText: 'Early Pattern Plant' })[22m


      179 |
      180 |     const earlyPlantCard = page.getByTestId('plant-card').filter({ hasText: 'Early Pattern Plant' });
    > 181 |     await expect(earlyPlantCard).toBeVisible();
          |                                  ^
      182 |
      183 |     // Look for watering history access
      184 |     const historyButton = earlyPlantCard.locator('button, a').filter({ hasText: /history|view.*watering/i }).first();
        at /Users/nicogarbaccio/Development/sprouthub/tests/e2e/watering/pattern-detection.spec.ts:181:34

    attachment #1: screenshot (image/png) ──────────────────────────────────────────────────────────
    test-results/watering-pattern-detection-2512d-rom-watering-history-dialog-chromium/test-failed-1.png
    ────────────────────────────────────────────────────────────────────────────────────────────────

    Error Context: test-results/watering-pattern-detection-2512d-rom-watering-history-dialog-chromium/error-context.md

  18) [chromium] › tests/e2e/watering/pattern-detection.spec.ts:202:3 › Watering Pattern Detection › should dismiss pattern suggestion and not show again 

    Error: [2mexpect([22m[31mlocator[39m[2m).[22mtoBeVisible[2m()[22m failed

    Locator:  getByTestId('plant-card').filter({ hasText: 'Early Pattern Plant' })
    Expected: visible
    Received: <element(s) not found>
    Timeout:  5000ms

    Call log:
    [2m  - Expect "toBeVisible" with timeout 5000ms[22m
    [2m  - waiting for getByTestId('plant-card').filter({ hasText: 'Early Pattern Plant' })[22m


      210 |
      211 |     const earlyPlantCard = page.getByTestId('plant-card').filter({ hasText: 'Early Pattern Plant' });
    > 212 |     await expect(earlyPlantCard).toBeVisible();
          |                                  ^
      213 |
      214 |     // Water the plant to trigger pattern analysis
      215 |     const waterButton = earlyPlantCard.locator('button').filter({ hasText: /water/i }).first();
        at /Users/nicogarbaccio/Development/sprouthub/tests/e2e/watering/pattern-detection.spec.ts:212:34

    attachment #1: screenshot (image/png) ──────────────────────────────────────────────────────────
    test-results/watering-pattern-detection-ca71e-ggestion-and-not-show-again-chromium/test-failed-1.png
    ────────────────────────────────────────────────────────────────────────────────────────────────

    Error Context: test-results/watering-pattern-detection-ca71e-ggestion-and-not-show-again-chromium/error-context.md

  19) [chromium] › tests/e2e/watering/watering-record-basic.spec.ts:16:3 › Basic Watering Record Operations › should successfully delete a watering record 

    Error: page.goto: net::ERR_CONNECTION_REFUSED at http://localhost:9000/watering-record-basic.html
    Call log:
    [2m  - navigating to "http://localhost:9000/watering-record-basic.html", waiting until "load"[22m


      15 |
      16 |   test('should successfully delete a watering record', async ({ page }) => {
    > 17 |     await page.goto('http://localhost:9000/watering-record-basic.html');
         |                ^
      18 |
      19 |     // Verify initial state
      20 |     const deleteButton = page.getByTestId('delete-watering-watering-1');
        at /Users/nicogarbaccio/Development/sprouthub/tests/e2e/watering/watering-record-basic.spec.ts:17:16

    Error: page.reload: net::ERR_CONNECTION_REFUSED
    Call log:
    [2m  - waiting for navigation until "load"[22m


      11 |   test.afterEach(async ({ page }) => {
      12 |     // Reset page state
    > 13 |     await page.reload();
         |                ^
      14 |   });
      15 |
      16 |   test('should successfully delete a watering record', async ({ page }) => {
        at /Users/nicogarbaccio/Development/sprouthub/tests/e2e/watering/watering-record-basic.spec.ts:13:16

    attachment #1: screenshot (image/png) ──────────────────────────────────────────────────────────
    test-results/watering-watering-record-b-052cc-ly-delete-a-watering-record-chromium/test-failed-1.png
    ────────────────────────────────────────────────────────────────────────────────────────────────

  20) [chromium] › tests/e2e/watering/watering-record-basic.spec.ts:44:3 › Basic Watering Record Operations › should handle empty watering records list 

    Error: page.goto: net::ERR_CONNECTION_REFUSED at http://localhost:9000/watering-record-empty.html
    Call log:
    [2m  - navigating to "http://localhost:9000/watering-record-empty.html", waiting until "load"[22m


      43 |
      44 |   test('should handle empty watering records list', async ({ page }) => {
    > 45 |     await page.goto('http://localhost:9000/watering-record-empty.html');
         |                ^
      46 |
      47 |     // Verify empty state message
      48 |     await expect(page.getByTestId('empty-state-message')).toBeVisible();
        at /Users/nicogarbaccio/Development/sprouthub/tests/e2e/watering/watering-record-basic.spec.ts:45:16

    Error: page.reload: net::ERR_CONNECTION_REFUSED
    Call log:
    [2m  - waiting for navigation until "load"[22m


      11 |   test.afterEach(async ({ page }) => {
      12 |     // Reset page state
    > 13 |     await page.reload();
         |                ^
      14 |   });
      15 |
      16 |   test('should successfully delete a watering record', async ({ page }) => {
        at /Users/nicogarbaccio/Development/sprouthub/tests/e2e/watering/watering-record-basic.spec.ts:13:16

    attachment #1: screenshot (image/png) ──────────────────────────────────────────────────────────
    test-results/watering-watering-record-b-3cb23-empty-watering-records-list-chromium/test-failed-1.png
    ────────────────────────────────────────────────────────────────────────────────────────────────

  21) [chromium] › tests/e2e/watering/watering-record-error-handling.spec.ts:16:3 › Watering Record Error Handling › should handle network errors during deletion 

    Error: page.goto: net::ERR_CONNECTION_REFUSED at http://localhost:9000/watering-record-network-error.html
    Call log:
    [2m  - navigating to "http://localhost:9000/watering-record-network-error.html", waiting until "load"[22m


      15 |
      16 |   test('should handle network errors during deletion', async ({ page }) => {
    > 17 |     await page.goto('http://localhost:9000/watering-record-network-error.html');
         |                ^
      18 |
      19 |     // Verify initial state
      20 |     const deleteButton = page.getByTestId('delete-watering-watering-1');
        at /Users/nicogarbaccio/Development/sprouthub/tests/e2e/watering/watering-record-error-handling.spec.ts:17:16

    Error: page.reload: net::ERR_CONNECTION_REFUSED
    Call log:
    [2m  - waiting for navigation until "load"[22m


      11 |   test.afterEach(async ({ page }) => {
      12 |     // Reset page state
    > 13 |     await page.reload();
         |                ^
      14 |   });
      15 |
      16 |   test('should handle network errors during deletion', async ({ page }) => {
        at /Users/nicogarbaccio/Development/sprouthub/tests/e2e/watering/watering-record-error-handling.spec.ts:13:16

    attachment #1: screenshot (image/png) ──────────────────────────────────────────────────────────
    test-results/watering-watering-record-e-f49d4-work-errors-during-deletion-chromium/test-failed-1.png
    ────────────────────────────────────────────────────────────────────────────────────────────────

  22) [chromium] › tests/e2e/watering/watering-record-error-handling.spec.ts:51:3 › Watering Record Error Handling › should handle multiple deletion attempts during error state 

    Error: page.goto: net::ERR_CONNECTION_REFUSED at http://localhost:9000/watering-record-error.html
    Call log:
    [2m  - navigating to "http://localhost:9000/watering-record-error.html", waiting until "load"[22m


      50 |
      51 |   test('should handle multiple deletion attempts during error state', async ({ page }) => {
    > 52 |     await page.goto('http://localhost:9000/watering-record-error.html');
         |                ^
      53 |
      54 |     const deleteButton = page.getByTestId('delete-watering-watering-1');
      55 |
        at /Users/nicogarbaccio/Development/sprouthub/tests/e2e/watering/watering-record-error-handling.spec.ts:52:16

    Error: page.reload: net::ERR_CONNECTION_REFUSED
    Call log:
    [2m  - waiting for navigation until "load"[22m


      11 |   test.afterEach(async ({ page }) => {
      12 |     // Reset page state
    > 13 |     await page.reload();
         |                ^
      14 |   });
      15 |
      16 |   test('should handle network errors during deletion', async ({ page }) => {
        at /Users/nicogarbaccio/Development/sprouthub/tests/e2e/watering/watering-record-error-handling.spec.ts:13:16

    attachment #1: screenshot (image/png) ──────────────────────────────────────────────────────────
    test-results/watering-watering-record-e-254be-attempts-during-error-state-chromium/test-failed-1.png
    ────────────────────────────────────────────────────────────────────────────────────────────────

  23) [chromium] › tests/e2e/watering/watering-schedule-calculation.spec.ts:25:3 › Watering Schedule Calculation › displays 5 days remaining for plant watered 2 days ago with 7-day schedule 

    [31mTest timeout of 15000ms exceeded.[39m

    Error: page.waitForTimeout: Test timeout of 15000ms exceeded.

       at ../utils/test-helpers.ts:33

      31 |     }
      32 |     
    > 33 |     await page.waitForTimeout(500);
         |                ^
      34 |   }
      35 |   
      36 |   if (verbose) console.log('❌ Mock data verification failed - timeout reached');
        at waitForMockData (/Users/nicogarbaccio/Development/sprouthub/tests/utils/test-helpers.ts:33:16)
        at /Users/nicogarbaccio/Development/sprouthub/tests/e2e/watering/watering-schedule-calculation.spec.ts:36:27

    attachment #1: screenshot (image/png) ──────────────────────────────────────────────────────────
    test-results/watering-watering-schedule-a6f6c-ays-ago-with-7-day-schedule-chromium/test-failed-1.png
    ────────────────────────────────────────────────────────────────────────────────────────────────

    Error Context: test-results/watering-watering-schedule-a6f6c-ays-ago-with-7-day-schedule-chromium/error-context.md

  24) [chromium] › tests/e2e/watering/watering-schedule-calculation.spec.ts:94:3 › Watering Schedule Calculation › displays overdue status for plant watered 9 days ago with 5-day schedule 

    [31mTest timeout of 15000ms exceeded.[39m

    Error: page.waitForTimeout: Test timeout of 15000ms exceeded.

       at ../utils/test-helpers.ts:33

      31 |     }
      32 |     
    > 33 |     await page.waitForTimeout(500);
         |                ^
      34 |   }
      35 |   
      36 |   if (verbose) console.log('❌ Mock data verification failed - timeout reached');
        at waitForMockData (/Users/nicogarbaccio/Development/sprouthub/tests/utils/test-helpers.ts:33:16)
        at /Users/nicogarbaccio/Development/sprouthub/tests/e2e/watering/watering-schedule-calculation.spec.ts:105:27

    attachment #1: screenshot (image/png) ──────────────────────────────────────────────────────────
    test-results/watering-watering-schedule-a14ef-ays-ago-with-5-day-schedule-chromium/test-failed-1.png
    ────────────────────────────────────────────────────────────────────────────────────────────────

    Error Context: test-results/watering-watering-schedule-a14ef-ays-ago-with-5-day-schedule-chromium/error-context.md

  25) [chromium] › tests/e2e/watering/watering-schedule-calculation.spec.ts:137:3 › Watering Schedule Calculation › shows postponed status until specified date 

    [31mTest timeout of 15000ms exceeded.[39m

    Error: page.waitForTimeout: Test timeout of 15000ms exceeded.

       at ../utils/test-helpers.ts:33

      31 |     }
      32 |     
    > 33 |     await page.waitForTimeout(500);
         |                ^
      34 |   }
      35 |   
      36 |   if (verbose) console.log('❌ Mock data verification failed - timeout reached');
        at waitForMockData (/Users/nicogarbaccio/Development/sprouthub/tests/utils/test-helpers.ts:33:16)
        at /Users/nicogarbaccio/Development/sprouthub/tests/e2e/watering/watering-schedule-calculation.spec.ts:148:27

    attachment #1: screenshot (image/png) ──────────────────────────────────────────────────────────
    test-results/watering-watering-schedule-27bfe-status-until-specified-date-chromium/test-failed-1.png
    ────────────────────────────────────────────────────────────────────────────────────────────────

    Error Context: test-results/watering-watering-schedule-27bfe-status-until-specified-date-chromium/error-context.md

  25 failed
    [chromium] › tests/e2e/plant-management/plant-lifecycle.spec.ts:12:3 › Plant Management Lifecycle › should display plant management UI when authenticated 
    [chromium] › tests/e2e/seasonal/seasonal-review-system.spec.ts:33:5 › Seasonal Schedule Review System › Seasonal Transition Detection › should detect summer to fall transition with high confidence 
    [chromium] › tests/e2e/seasonal/seasonal-review-system.spec.ts:89:5 › Seasonal Schedule Review System › Seasonal Transition Detection › should detect spring transition with weather-based suggestions 
    [chromium] › tests/e2e/seasonal/seasonal-review-system.spec.ts:124:5 › Seasonal Schedule Review System › Seasonal Transition Detection › should handle medium confidence transitions appropriately 
    [chromium] › tests/e2e/seasonal/seasonal-review-system.spec.ts:490:5 › Seasonal Schedule Review System › Error Handling and Edge Cases › should handle weather service failures gracefully 
    [chromium] › tests/e2e/seasonal/seasonal-review-system.spec.ts:522:5 › Seasonal Schedule Review System › Error Handling and Edge Cases › should handle no plants scenario 
    [chromium] › tests/e2e/watering/calendar-date-schedule.spec.ts:24:3 › Calendar Date Watering Schedule › calculates days remaining based on calendar dates only 
    [chromium] › tests/e2e/watering/calendar-date-schedule.spec.ts:70:3 › Calendar Date Watering Schedule › handles postponed plants with future calendar dates 
    [chromium] › tests/e2e/watering/calendar-date-schedule.spec.ts:114:3 › Calendar Date Watering Schedule › handles expired postponements by reverting to normal schedule 
    [chromium] › tests/e2e/watering/calendar-date-schedule.spec.ts:159:3 › Calendar Date Watering Schedule › calculates long watering schedules correctly 
    [chromium] › tests/e2e/watering/calendar-date-schedule.spec.ts:204:3 › Calendar Date Watering Schedule › shows appropriate status for just-watered plants 
    [chromium] › tests/e2e/watering/pattern-detection.spec.ts:19:3 › Watering Pattern Detection › should detect early watering pattern and show suggestion dialog 
    [chromium] › tests/e2e/watering/pattern-detection.spec.ts:51:3 › Watering Pattern Detection › should detect late watering pattern 
    [chromium] › tests/e2e/watering/pattern-detection.spec.ts:81:3 › Watering Pattern Detection › should detect consistent watering pattern 
    [chromium] › tests/e2e/watering/pattern-detection.spec.ts:111:3 › Watering Pattern Detection › should detect irregular watering pattern 
    [chromium] › tests/e2e/watering/pattern-detection.spec.ts:141:3 › Watering Pattern Detection › should handle insufficient watering data 
    [chromium] › tests/e2e/watering/pattern-detection.spec.ts:171:3 › Watering Pattern Detection › should access pattern analysis from watering history dialog 
    [chromium] › tests/e2e/watering/pattern-detection.spec.ts:202:3 › Watering Pattern Detection › should dismiss pattern suggestion and not show again 
    [chromium] › tests/e2e/watering/watering-record-basic.spec.ts:16:3 › Basic Watering Record Operations › should successfully delete a watering record 
    [chromium] › tests/e2e/watering/watering-record-basic.spec.ts:44:3 › Basic Watering Record Operations › should handle empty watering records list 
    [chromium] › tests/e2e/watering/watering-record-error-handling.spec.ts:16:3 › Watering Record Error Handling › should handle network errors during deletion 
    [chromium] › tests/e2e/watering/watering-record-error-handling.spec.ts:51:3 › Watering Record Error Handling › should handle multiple deletion attempts during error state 
    [chromium] › tests/e2e/watering/watering-schedule-calculation.spec.ts:25:3 › Watering Schedule Calculation › displays 5 days remaining for plant watered 2 days ago with 7-day schedule 
    [chromium] › tests/e2e/watering/watering-schedule-calculation.spec.ts:94:3 › Watering Schedule Calculation › displays overdue status for plant watered 9 days ago with 5-day schedule 
    [chromium] › tests/e2e/watering/watering-schedule-calculation.spec.ts:137:3 › Watering Schedule Calculation › shows postponed status until specified date 
  9 skipped
  33 passed (2.1m)
